Linux 6.8.0-79-generic (srvchinaubu) 	11/05/2025 	_x86_64_	(2 CPU)
Linux 6.8.0-79-generic (srvchinaubu) 	11/05/2025 	_x86_64_	(2 CPU)
Wed Nov  5 10:52:07 AM UTC 2025: 23 file descriptors

# Time        UID       PID    %usr %system  %guest   %wait    %CPU   CPU  minflt/s  majflt/s     VSZ     RSS   %MEM   kB_rd/s   kB_wr/s kB_ccwr/s iodelay  Command
11:52:07 AM     0    470872    0.02    0.00    0.00    0.00    0.02     0      0.00      0.00  374964   99784   1.23      0.00      0.26      0.00       0  python3
Wed Nov  5 11:52:07 AM UTC 2025: 22 file descriptors

# Time        UID       PID    %usr %system  %guest   %wait    %CPU   CPU  minflt/s  majflt/s     VSZ     RSS   %MEM   kB_rd/s   kB_wr/s kB_ccwr/s iodelay  Command
12:52:07 PM     0    470872    0.07    0.01    0.00    0.00    0.07     0      0.01      0.00  374964   99784   1.23      0.00      0.39      0.00       0  python3
Wed Nov  5 12:52:07 PM UTC 2025: 22 file descriptors
Linux 6.8.0-79-generic (srvchinaubu) 	11/05/2025 	_x86_64_	(2 CPU)
Wed Nov  5 03:21:05 PM UTC 2025: 12 file descriptors
Linux 6.8.0-79-generic (srvchinaubu) 	11/05/2025 	_x86_64_	(2 CPU)
Wed Nov  5 03:37:37 PM UTC 2025: 14 file descriptors
Wed Nov  5 04:21:05 PM UTC 2025: 0 file descriptors
Linux 6.8.0-79-generic (srvchinaubu) 	11/05/2025 	_x86_64_	(2 CPU)
Wed Nov  5 04:28:22 PM UTC 2025: 22 file descriptors
Wed Nov  5 04:37:37 PM UTC 2025: 0 file descriptors
Linux 6.8.0-79-generic (srvchinaubu) 	11/05/2025 	_x86_64_	(2 CPU)
Wed Nov  5 04:54:02 PM UTC 2025: 21 file descriptors
Wed Nov  5 05:21:05 PM UTC 2025: 0 file descriptors
Wed Nov  5 05:28:22 PM UTC 2025: 21 file descriptors
Wed Nov  5 05:37:37 PM UTC 2025: 0 file descriptors

# Time        UID       PID    %usr %system  %guest   %wait    %CPU   CPU  minflt/s  majflt/s     VSZ     RSS   %MEM   kB_rd/s   kB_wr/s kB_ccwr/s iodelay  Command
05:54:02 PM     0    475058    0.01    0.00    0.00    0.00    0.02     1      0.00      0.00  448636   94616   1.17      0.00      0.33      0.00       0  python3
Wed Nov  5 06:21:05 PM UTC 2025: 0 file descriptors
Wed Nov  5 06:28:22 PM UTC 2025: 21 file descriptors
Wed Nov  5 06:37:37 PM UTC 2025: 0 file descriptors

# Time        UID       PID    %usr %system  %guest   %wait    %CPU   CPU  minflt/s  majflt/s     VSZ     RSS   %MEM   kB_rd/s   kB_wr/s kB_ccwr/s iodelay  Command
06:54:02 PM     0    475058    0.01    0.00    0.00    0.00    0.02     1      0.00      0.00  448636   94616   1.17      0.00      0.33      0.00       0  python3
Wed Nov  5 07:21:05 PM UTC 2025: 0 file descriptors
Wed Nov  5 07:28:22 PM UTC 2025: 20 file descriptors
Wed Nov  5 07:37:37 PM UTC 2025: 0 file descriptors

# Time        UID       PID    %usr %system  %guest   %wait    %CPU   CPU  minflt/s  majflt/s     VSZ     RSS   %MEM   kB_rd/s   kB_wr/s kB_ccwr/s iodelay  Command
07:54:02 PM     0    475058    0.03    0.00    0.00    0.00    0.03     1      0.00      0.00  448636   94616   1.17      0.00      0.34      0.00       0  python3
Wed Nov  5 08:21:05 PM UTC 2025: 0 file descriptors
Wed Nov  5 08:28:22 PM UTC 2025: 20 file descriptors
Wed Nov  5 08:37:37 PM UTC 2025: 0 file descriptors

# Time        UID       PID    %usr %system  %guest   %wait    %CPU   CPU  minflt/s  majflt/s     VSZ     RSS   %MEM   kB_rd/s   kB_wr/s kB_ccwr/s iodelay  Command
08:54:02 PM     0    475058    0.02    0.00    0.00    0.00    0.02     1      0.00      0.00  448636   94616   1.17      0.00      0.32      0.00       0  python3
Wed Nov  5 09:21:05 PM UTC 2025: 0 file descriptors
Wed Nov  5 09:28:22 PM UTC 2025: 20 file descriptors
Wed Nov  5 09:37:37 PM UTC 2025: 0 file descriptors

# Time        UID       PID    %usr %system  %guest   %wait    %CPU   CPU  minflt/s  majflt/s     VSZ     RSS   %MEM   kB_rd/s   kB_wr/s kB_ccwr/s iodelay  Command
09:54:02 PM     0    475058    0.01    0.00    0.00    0.00    0.01     1      0.00      0.00  448636   94616   1.17      0.00      0.30      0.00       0  python3
Wed Nov  5 10:21:05 PM UTC 2025: 0 file descriptors
Wed Nov  5 10:28:22 PM UTC 2025: 20 file descriptors
Wed Nov  5 10:37:37 PM UTC 2025: 0 file descriptors

# Time        UID       PID    %usr %system  %guest   %wait    %CPU   CPU  minflt/s  majflt/s     VSZ     RSS   %MEM   kB_rd/s   kB_wr/s kB_ccwr/s iodelay  Command
10:54:02 PM     0    475058    0.01    0.00    0.00    0.00    0.01     1      0.00      0.00  448636   94616   1.17      0.00      0.30      0.00       0  python3
Wed Nov  5 11:21:05 PM UTC 2025: 0 file descriptors
Wed Nov  5 11:28:22 PM UTC 2025: 20 file descriptors
Wed Nov  5 11:37:37 PM UTC 2025: 0 file descriptors

# Time        UID       PID    %usr %system  %guest   %wait    %CPU   CPU  minflt/s  majflt/s     VSZ     RSS   %MEM   kB_rd/s   kB_wr/s kB_ccwr/s iodelay  Command
11:54:02 PM     0    475058    0.01    0.00    0.00    0.00    0.01     0      0.00      0.00  448636   94616   1.17      0.00      0.29      0.00       0  python3
Thu Nov  6 12:21:05 AM UTC 2025: 0 file descriptors
Thu Nov  6 12:28:22 AM UTC 2025: 20 file descriptors
Thu Nov  6 12:37:37 AM UTC 2025: 0 file descriptors

# Time        UID       PID    %usr %system  %guest   %wait    %CPU   CPU  minflt/s  majflt/s     VSZ     RSS   %MEM   kB_rd/s   kB_wr/s kB_ccwr/s iodelay  Command
12:54:02 AM     0    475058    0.01    0.00    0.00    0.00    0.01     1      0.00      0.00  448636   94616   1.17      0.00      0.28      0.00       0  python3
Thu Nov  6 01:21:05 AM UTC 2025: 0 file descriptors
Thu Nov  6 01:28:22 AM UTC 2025: 20 file descriptors
Thu Nov  6 01:37:37 AM UTC 2025: 0 file descriptors

# Time        UID       PID    %usr %system  %guest   %wait    %CPU   CPU  minflt/s  majflt/s     VSZ     RSS   %MEM   kB_rd/s   kB_wr/s kB_ccwr/s iodelay  Command
01:54:02 AM     0    475058    0.01    0.00    0.00    0.00    0.01     1      0.00      0.00  448636   94616   1.17      0.00      0.26      0.00       0  python3
Thu Nov  6 02:21:05 AM UTC 2025: 0 file descriptors
Thu Nov  6 02:28:22 AM UTC 2025: 20 file descriptors
Thu Nov  6 02:37:37 AM UTC 2025: 0 file descriptors

# Time        UID       PID    %usr %system  %guest   %wait    %CPU   CPU  minflt/s  majflt/s     VSZ     RSS   %MEM   kB_rd/s   kB_wr/s kB_ccwr/s iodelay  Command
02:54:02 AM     0    475058    0.01    0.00    0.00    0.00    0.01     0      0.00      0.00  448636   94616   1.17      0.00      0.27      0.00       0  python3
Thu Nov  6 03:21:05 AM UTC 2025: 0 file descriptors
Thu Nov  6 03:28:22 AM UTC 2025: 20 file descriptors
Thu Nov  6 03:37:37 AM UTC 2025: 0 file descriptors

# Time        UID       PID    %usr %system  %guest   %wait    %CPU   CPU  minflt/s  majflt/s     VSZ     RSS   %MEM   kB_rd/s   kB_wr/s kB_ccwr/s iodelay  Command
03:54:02 AM     0    475058    0.01    0.00    0.00    0.00    0.01     1      0.00      0.00  448636   94616   1.17      0.00      0.25      0.00       0  python3
Thu Nov  6 04:21:05 AM UTC 2025: 0 file descriptors
Thu Nov  6 04:28:22 AM UTC 2025: 20 file descriptors
Thu Nov  6 04:37:37 AM UTC 2025: 0 file descriptors

# Time        UID       PID    %usr %system  %guest   %wait    %CPU   CPU  minflt/s  majflt/s     VSZ     RSS   %MEM   kB_rd/s   kB_wr/s kB_ccwr/s iodelay  Command
04:54:02 AM     0    475058    0.01    0.00    0.00    0.00    0.01     0      0.00      0.00  448636   94616   1.17      0.00      0.27      0.00       0  python3
Thu Nov  6 05:21:05 AM UTC 2025: 0 file descriptors
Thu Nov  6 05:28:22 AM UTC 2025: 20 file descriptors
Thu Nov  6 05:37:37 AM UTC 2025: 0 file descriptors

# Time        UID       PID    %usr %system  %guest   %wait    %CPU   CPU  minflt/s  majflt/s     VSZ     RSS   %MEM   kB_rd/s   kB_wr/s kB_ccwr/s iodelay  Command
05:54:02 AM     0    475058    0.01    0.00    0.00    0.00    0.01     1      0.00      0.00  448636   94616   1.17      0.00      0.24      0.00       0  python3
Thu Nov  6 06:21:05 AM UTC 2025: 0 file descriptors
Thu Nov  6 06:28:22 AM UTC 2025: 20 file descriptors
Thu Nov  6 06:37:37 AM UTC 2025: 0 file descriptors

# Time        UID       PID    %usr %system  %guest   %wait    %CPU   CPU  minflt/s  majflt/s     VSZ     RSS   %MEM   kB_rd/s   kB_wr/s kB_ccwr/s iodelay  Command
06:54:02 AM     0    475058    0.01    0.00    0.00    0.00    0.01     0      0.00      0.00  448636   94616   1.17      0.00      0.24      0.00       0  python3
Thu Nov  6 07:21:05 AM UTC 2025: 0 file descriptors
Thu Nov  6 07:28:22 AM UTC 2025: 20 file descriptors
Thu Nov  6 07:37:37 AM UTC 2025: 0 file descriptors

# Time        UID       PID    %usr %system  %guest   %wait    %CPU   CPU  minflt/s  majflt/s     VSZ     RSS   %MEM   kB_rd/s   kB_wr/s kB_ccwr/s iodelay  Command
07:54:02 AM     0    475058    0.01    0.00    0.00    0.00    0.01     1      0.00      0.00  448636   94616   1.17      0.00      0.25      0.00       0  python3
Thu Nov  6 08:21:05 AM UTC 2025: 0 file descriptors
Thu Nov  6 08:28:22 AM UTC 2025: 20 file descriptors
Thu Nov  6 08:37:37 AM UTC 2025: 0 file descriptors

# Time        UID       PID    %usr %system  %guest   %wait    %CPU   CPU  minflt/s  majflt/s     VSZ     RSS   %MEM   kB_rd/s   kB_wr/s kB_ccwr/s iodelay  Command
08:54:02 AM     0    475058    0.01    0.00    0.00    0.00    0.01     1      0.00      0.00  448636   94616   1.17      0.00      0.25      0.00       0  python3
Thu Nov  6 09:21:05 AM UTC 2025: 0 file descriptors
Thu Nov  6 09:28:22 AM UTC 2025: 20 file descriptors
Thu Nov  6 09:37:37 AM UTC 2025: 0 file descriptors

# Time        UID       PID    %usr %system  %guest   %wait    %CPU   CPU  minflt/s  majflt/s     VSZ     RSS   %MEM   kB_rd/s   kB_wr/s kB_ccwr/s iodelay  Command
09:54:02 AM     0    475058    0.01    0.00    0.00    0.00    0.01     0      0.00      0.00  448636   94616   1.17      0.00      0.24      0.00       0  python3
Thu Nov  6 10:21:05 AM UTC 2025: 0 file descriptors
Thu Nov  6 10:28:22 AM UTC 2025: 20 file descriptors
Thu Nov  6 10:37:37 AM UTC 2025: 0 file descriptors

# Time        UID       PID    %usr %system  %guest   %wait    %CPU   CPU  minflt/s  majflt/s     VSZ     RSS   %MEM   kB_rd/s   kB_wr/s kB_ccwr/s iodelay  Command
10:54:02 AM     0    475058    0.01    0.00    0.00    0.00    0.01     0      0.00      0.00  448636   94616   1.17      0.00      0.22      0.00       0  python3
Thu Nov  6 11:21:05 AM UTC 2025: 0 file descriptors
Thu Nov  6 11:28:22 AM UTC 2025: 20 file descriptors
Thu Nov  6 11:37:37 AM UTC 2025: 0 file descriptors

# Time        UID       PID    %usr %system  %guest   %wait    %CPU   CPU  minflt/s  majflt/s     VSZ     RSS   %MEM   kB_rd/s   kB_wr/s kB_ccwr/s iodelay  Command
11:54:02 AM     0    475058    0.01    0.00    0.00    0.00    0.01     0      0.00      0.00  448636   94616   1.17      0.00      0.28      0.00       0  python3
Thu Nov  6 12:21:05 PM UTC 2025: 0 file descriptors
Thu Nov  6 12:28:23 PM UTC 2025: 20 file descriptors
Thu Nov  6 12:37:37 PM UTC 2025: 0 file descriptors

# Time        UID       PID    %usr %system  %guest   %wait    %CPU   CPU  minflt/s  majflt/s     VSZ     RSS   %MEM   kB_rd/s   kB_wr/s kB_ccwr/s iodelay  Command
12:54:02 PM     0    475058    0.01    0.00    0.00    0.00    0.02     1      0.00      0.00  448636   94744   1.17      0.00      0.29      0.00       0  python3
Thu Nov  6 01:21:05 PM UTC 2025: 0 file descriptors
Thu Nov  6 01:28:23 PM UTC 2025: 20 file descriptors
Thu Nov  6 01:37:37 PM UTC 2025: 0 file descriptors

# Time        UID       PID    %usr %system  %guest   %wait    %CPU   CPU  minflt/s  majflt/s     VSZ     RSS   %MEM   kB_rd/s   kB_wr/s kB_ccwr/s iodelay  Command
01:54:02 PM     0    475058    0.01    0.00    0.00    0.00    0.01     0      0.00      0.00  448636   94744   1.17      0.00      0.26      0.00       0  python3
Thu Nov  6 02:21:05 PM UTC 2025: 0 file descriptors
Thu Nov  6 02:28:23 PM UTC 2025: 20 file descriptors
Thu Nov  6 02:37:37 PM UTC 2025: 0 file descriptors

# Time        UID       PID    %usr %system  %guest   %wait    %CPU   CPU  minflt/s  majflt/s     VSZ     RSS   %MEM   kB_rd/s   kB_wr/s kB_ccwr/s iodelay  Command
02:54:02 PM     0    475058    0.01    0.00    0.00    0.00    0.01     1      0.00      0.00  448636   94744   1.17      0.00      0.28      0.00       0  python3
Thu Nov  6 03:21:05 PM UTC 2025: 0 file descriptors
Thu Nov  6 03:28:23 PM UTC 2025: 20 file descriptors
Thu Nov  6 03:37:37 PM UTC 2025: 0 file descriptors

# Time        UID       PID    %usr %system  %guest   %wait    %CPU   CPU  minflt/s  majflt/s     VSZ     RSS   %MEM   kB_rd/s   kB_wr/s kB_ccwr/s iodelay  Command
03:54:02 PM     0    475058    0.01    0.00    0.00    0.00    0.01     1      0.00      0.00  448636   94744   1.17      0.00      0.27      0.00       0  python3
Thu Nov  6 04:21:05 PM UTC 2025: 0 file descriptors
Thu Nov  6 04:28:23 PM UTC 2025: 20 file descriptors
Thu Nov  6 04:37:37 PM UTC 2025: 0 file descriptors

# Time        UID       PID    %usr %system  %guest   %wait    %CPU   CPU  minflt/s  majflt/s     VSZ     RSS   %MEM   kB_rd/s   kB_wr/s kB_ccwr/s iodelay  Command
04:54:02 PM     0    475058    0.01    0.00    0.00    0.00    0.01     0      0.00      0.00  448636   94744   1.17      0.00      0.28      0.00       0  python3
Thu Nov  6 05:21:05 PM UTC 2025: 0 file descriptors
Thu Nov  6 05:28:23 PM UTC 2025: 20 file descriptors
Thu Nov  6 05:37:37 PM UTC 2025: 0 file descriptors

# Time        UID       PID    %usr %system  %guest   %wait    %CPU   CPU  minflt/s  majflt/s     VSZ     RSS   %MEM   kB_rd/s   kB_wr/s kB_ccwr/s iodelay  Command
05:54:02 PM     0    475058    0.01    0.00    0.00    0.00    0.01     0      0.00      0.00  448636   94744   1.17      0.00      0.26      0.00       0  python3
Thu Nov  6 06:21:05 PM UTC 2025: 0 file descriptors
Thu Nov  6 06:28:23 PM UTC 2025: 20 file descriptors
Thu Nov  6 06:37:37 PM UTC 2025: 0 file descriptors

# Time        UID       PID    %usr %system  %guest   %wait    %CPU   CPU  minflt/s  majflt/s     VSZ     RSS   %MEM   kB_rd/s   kB_wr/s kB_ccwr/s iodelay  Command
06:54:02 PM     0    475058    0.03    0.00    0.00    0.00    0.03     0      0.00      0.00  448636   94744   1.17      0.00      0.29      0.00       0  python3
Thu Nov  6 07:21:05 PM UTC 2025: 0 file descriptors
Thu Nov  6 07:28:23 PM UTC 2025: 20 file descriptors
Thu Nov  6 07:37:37 PM UTC 2025: 0 file descriptors

# Time        UID       PID    %usr %system  %guest   %wait    %CPU   CPU  minflt/s  majflt/s     VSZ     RSS   %MEM   kB_rd/s   kB_wr/s kB_ccwr/s iodelay  Command
07:54:02 PM     0    475058    0.01    0.00    0.00    0.00    0.01     0      0.00      0.00  448636   94744   1.17      0.00      0.26      0.00       0  python3
Thu Nov  6 08:21:05 PM UTC 2025: 0 file descriptors
Thu Nov  6 08:28:23 PM UTC 2025: 20 file descriptors
Thu Nov  6 08:37:37 PM UTC 2025: 0 file descriptors

# Time        UID       PID    %usr %system  %guest   %wait    %CPU   CPU  minflt/s  majflt/s     VSZ     RSS   %MEM   kB_rd/s   kB_wr/s kB_ccwr/s iodelay  Command
08:54:02 PM     0    475058    0.01    0.00    0.00    0.00    0.01     0      0.00      0.00  448636   94744   1.17      0.00      0.26      0.00       0  python3
Thu Nov  6 09:21:05 PM UTC 2025: 0 file descriptors
Thu Nov  6 09:28:23 PM UTC 2025: 20 file descriptors
Thu Nov  6 09:37:37 PM UTC 2025: 0 file descriptors

# Time        UID       PID    %usr %system  %guest   %wait    %CPU   CPU  minflt/s  majflt/s     VSZ     RSS   %MEM   kB_rd/s   kB_wr/s kB_ccwr/s iodelay  Command
09:54:02 PM     0    475058    0.01    0.00    0.00    0.00    0.01     0      0.00      0.00  448636   94744   1.17      0.00      0.27      0.00       0  python3
Thu Nov  6 10:21:05 PM UTC 2025: 0 file descriptors
Thu Nov  6 10:28:23 PM UTC 2025: 20 file descriptors
Thu Nov  6 10:37:37 PM UTC 2025: 0 file descriptors

# Time        UID       PID    %usr %system  %guest   %wait    %CPU   CPU  minflt/s  majflt/s     VSZ     RSS   %MEM   kB_rd/s   kB_wr/s kB_ccwr/s iodelay  Command
10:54:02 PM     0    475058    0.01    0.00    0.00    0.00    0.01     1      0.00      0.00  448636   94744   1.17      0.00      0.27      0.00       0  python3
Thu Nov  6 11:21:05 PM UTC 2025: 0 file descriptors
Thu Nov  6 11:28:23 PM UTC 2025: 20 file descriptors
Thu Nov  6 11:37:37 PM UTC 2025: 0 file descriptors

# Time        UID       PID    %usr %system  %guest   %wait    %CPU   CPU  minflt/s  majflt/s     VSZ     RSS   %MEM   kB_rd/s   kB_wr/s kB_ccwr/s iodelay  Command
11:54:02 PM     0    475058    0.01    0.00    0.00    0.00    0.01     1      0.00      0.00  448636   94744   1.17      0.00      0.27      0.00       0  python3
Fri Nov  7 12:21:05 AM UTC 2025: 0 file descriptors
Fri Nov  7 12:28:23 AM UTC 2025: 20 file descriptors
Fri Nov  7 12:37:37 AM UTC 2025: 0 file descriptors

# Time        UID       PID    %usr %system  %guest   %wait    %CPU   CPU  minflt/s  majflt/s     VSZ     RSS   %MEM   kB_rd/s   kB_wr/s kB_ccwr/s iodelay  Command
12:54:02 AM     0    475058    0.01    0.00    0.00    0.00    0.01     1      0.00      0.00  448636   94744   1.17      0.00      0.26      0.00       0  python3
Fri Nov  7 01:21:05 AM UTC 2025: 0 file descriptors
Fri Nov  7 01:28:23 AM UTC 2025: 20 file descriptors
Fri Nov  7 01:37:37 AM UTC 2025: 0 file descriptors

# Time        UID       PID    %usr %system  %guest   %wait    %CPU   CPU  minflt/s  majflt/s     VSZ     RSS   %MEM   kB_rd/s   kB_wr/s kB_ccwr/s iodelay  Command
01:54:02 AM     0    475058    0.01    0.00    0.00    0.00    0.01     0      0.00      0.00  448636   94744   1.17      0.00      0.26      0.00       0  python3
Fri Nov  7 02:21:05 AM UTC 2025: 0 file descriptors
Fri Nov  7 02:28:23 AM UTC 2025: 20 file descriptors
Fri Nov  7 02:37:37 AM UTC 2025: 0 file descriptors

# Time        UID       PID    %usr %system  %guest   %wait    %CPU   CPU  minflt/s  majflt/s     VSZ     RSS   %MEM   kB_rd/s   kB_wr/s kB_ccwr/s iodelay  Command
02:54:02 AM     0    475058    0.01    0.00    0.00    0.00    0.01     1      0.00      0.00  448636   94744   1.17      0.00      0.25      0.00       0  python3
Fri Nov  7 03:21:05 AM UTC 2025: 0 file descriptors
Fri Nov  7 03:28:23 AM UTC 2025: 20 file descriptors
Fri Nov  7 03:37:37 AM UTC 2025: 0 file descriptors

# Time        UID       PID    %usr %system  %guest   %wait    %CPU   CPU  minflt/s  majflt/s     VSZ     RSS   %MEM   kB_rd/s   kB_wr/s kB_ccwr/s iodelay  Command
03:54:02 AM     0    475058    0.01    0.00    0.00    0.00    0.01     0      0.00      0.00  448636   94744   1.17      0.00      0.27      0.00       0  python3
Fri Nov  7 04:21:05 AM UTC 2025: 0 file descriptors
Fri Nov  7 04:28:23 AM UTC 2025: 20 file descriptors
Fri Nov  7 04:37:37 AM UTC 2025: 0 file descriptors

# Time        UID       PID    %usr %system  %guest   %wait    %CPU   CPU  minflt/s  majflt/s     VSZ     RSS   %MEM   kB_rd/s   kB_wr/s kB_ccwr/s iodelay  Command
04:54:02 AM     0    475058    0.01    0.00    0.00    0.00    0.01     0      0.00      0.00  448636   94744   1.17      0.00      0.26      0.00       0  python3
Fri Nov  7 05:21:05 AM UTC 2025: 0 file descriptors
Fri Nov  7 05:28:23 AM UTC 2025: 20 file descriptors
Fri Nov  7 05:37:37 AM UTC 2025: 0 file descriptors

# Time        UID       PID    %usr %system  %guest   %wait    %CPU   CPU  minflt/s  majflt/s     VSZ     RSS   %MEM   kB_rd/s   kB_wr/s kB_ccwr/s iodelay  Command
05:54:02 AM     0    475058    0.01    0.00    0.00    0.00    0.01     0      0.00      0.00  448636   94744   1.17      0.00      0.26      0.00       0  python3
Fri Nov  7 06:21:05 AM UTC 2025: 0 file descriptors
Fri Nov  7 06:28:23 AM UTC 2025: 20 file descriptors
Fri Nov  7 06:37:37 AM UTC 2025: 0 file descriptors

# Time        UID       PID    %usr %system  %guest   %wait    %CPU   CPU  minflt/s  majflt/s     VSZ     RSS   %MEM   kB_rd/s   kB_wr/s kB_ccwr/s iodelay  Command
06:54:02 AM     0    475058    0.01    0.00    0.00    0.00    0.02     0      0.00      0.00  448636   94744   1.17      0.00      0.25      0.00       0  python3
Fri Nov  7 07:21:05 AM UTC 2025: 0 file descriptors
