2025-11-10 09:58:41 - notification_service - INFO - SMTP настроен: smtp.mail.ru:587
2025-11-10 09:58:41 - notification_service - INFO - Метод отправки уведомлений: email
2025-11-10 09:58:42 - borrow_powerbank - ERROR - Ошибка: unpack requires a buffer of 9 bytes
2025-11-10 09:58:42 - return_powerbank - ERROR - Ошибка обработки запроса на возврат с ошибкой: 'coroutine' object does not support the asynchronous context manager protocol
2025-11-10 09:58:42 - queryinventoryhandler - ERROR - Соединение со станцией ST-001 (ID: 1) неактивно для запроса инвентаря.
2025-11-10 09:58:42 - station_handler - INFO - Станция ST-001 (ID: 1) переведена в active после heartbeat
2025-11-10 09:58:42 - notification_service - INFO - SMTP настроен: smtp.mail.ru:587
2025-11-10 09:58:42 - notification_service - INFO - Метод отправки уведомлений: email
2025-11-10 09:58:42 - notification_service - WARNING - Попытка отправки на тестовый/несуществующий email: test@example.com
2025-11-10 09:58:42 - notification_service - WARNING - Email test@example.com не прошел проверку доставки, пропускаем отправку
2025-11-10 09:58:42 - notification_service - WARNING - Попытка отправки на тестовый/несуществующий email: test@example.com
2025-11-10 09:58:42 - notification_service - WARNING - Email test@example.com не прошел проверку доставки, пропускаем отправку
2025-11-10 09:58:42 - notification_service - INFO - SMTP настроен: smtp.mail.ru:587
2025-11-10 09:58:42 - notification_service - INFO - Метод отправки уведомлений: email
2025-11-10 09:58:42 - notification_service - WARNING - Попытка отправки на тестовый/несуществующий email: test@example.com
2025-11-10 09:58:42 - notification_service - WARNING - Email test@example.com не прошел проверку доставки, пропускаем отправку
2025-11-10 09:58:42 - borrow_powerbank - ERROR - Ошибка: unpack requires a buffer of 9 bytes
2025-11-10 09:58:42 - return_powerbank - ERROR - Ошибка обработки запроса на возврат с ошибкой: 'coroutine' object does not support the asynchronous context manager protocol
2025-11-10 09:58:44 - memory_cleanup - ERROR - Критическая ошибка при очистке памяти: Mock object has no attribute 'http_server'
Traceback (most recent call last):
  File "C:\OpenServer\domains\localhost\nain\optimized_server2\utils\memory_cleanup_service.py", line 122, in cleanup_all
    if self.server_instance and self.server_instance.http_server:
                                ^^^^^^^^^^^^^^^^^^^^^^^^^^^^^^^^
  File "C:\Users\vurda\AppData\Local\Programs\Python\Python312\Lib\unittest\mock.py", line 658, in __getattr__
    raise AttributeError("Mock object has no attribute %r" % name)
AttributeError: Mock object has no attribute 'http_server'. Did you mean: 'stop_servers'?
2025-11-10 09:58:44 - memory_cleanup - INFO - Сервис очистки памяти запущен (интервал: 1 сек)
2025-11-10 09:58:44 - memory_cleanup - INFO - Сервис очистки памяти остановлен
2025-11-10 09:58:44 - memory_cleanup - ERROR - Критическая ошибка при очистке памяти: Mock object has no attribute 'connection_manager'
Traceback (most recent call last):
  File "C:\OpenServer\domains\localhost\nain\optimized_server2\utils\memory_cleanup_service.py", line 105, in cleanup_all
    if self.server_instance and self.server_instance.connection_manager:
                                ^^^^^^^^^^^^^^^^^^^^^^^^^^^^^^^^^^^^^^^
  File "C:\Users\vurda\AppData\Local\Programs\Python\Python312\Lib\unittest\mock.py", line 658, in __getattr__
    raise AttributeError("Mock object has no attribute %r" % name)
AttributeError: Mock object has no attribute 'connection_manager'. Did you mean: '_connection_monitor'?
2025-11-10 09:58:44 - memory_cleanup - ERROR - Критическая ошибка при очистке памяти: Mock object has no attribute 'station_handler'
Traceback (most recent call last):
  File "C:\OpenServer\domains\localhost\nain\optimized_server2\utils\memory_cleanup_service.py", line 78, in cleanup_all
    if self.server_instance and self.server_instance.station_handler:
                                ^^^^^^^^^^^^^^^^^^^^^^^^^^^^^^^^^^^^
  File "C:\Users\vurda\AppData\Local\Programs\Python\Python312\Lib\unittest\mock.py", line 658, in __getattr__
    raise AttributeError("Mock object has no attribute %r" % name)
AttributeError: Mock object has no attribute 'station_handler'
2025-11-10 09:58:44 - memory_cleanup - ERROR - Критическая ошибка при очистке памяти: Mock object has no attribute 'station_handler'
Traceback (most recent call last):
  File "C:\OpenServer\domains\localhost\nain\optimized_server2\utils\memory_cleanup_service.py", line 78, in cleanup_all
    if self.server_instance and self.server_instance.station_handler:
                                ^^^^^^^^^^^^^^^^^^^^^^^^^^^^^^^^^^^^
  File "C:\Users\vurda\AppData\Local\Programs\Python\Python312\Lib\unittest\mock.py", line 658, in __getattr__
    raise AttributeError("Mock object has no attribute %r" % name)
AttributeError: Mock object has no attribute 'station_handler'
2025-11-10 09:58:44 - memory_cleanup - INFO - Очистка памяти завершена: освобождено 1.77 MB (было: 101.74 MB, стало: 99.97 MB)
2025-11-10 09:58:44 - memory_cleanup - ERROR - Критическая ошибка при очистке памяти: Mock object has no attribute 'station_handler'
Traceback (most recent call last):
  File "C:\OpenServer\domains\localhost\nain\optimized_server2\utils\memory_cleanup_service.py", line 78, in cleanup_all
    if self.server_instance and self.server_instance.station_handler:
                                ^^^^^^^^^^^^^^^^^^^^^^^^^^^^^^^^^^^^
  File "C:\Users\vurda\AppData\Local\Programs\Python\Python312\Lib\unittest\mock.py", line 658, in __getattr__
    raise AttributeError("Mock object has no attribute %r" % name)
AttributeError: Mock object has no attribute 'station_handler'
2025-11-10 09:58:44 - memory_cleanup - INFO - Сервис очистки памяти запущен (интервал: 0.1 сек)
2025-11-10 09:58:45 - memory_cleanup - INFO - Сервис очистки памяти остановлен
2025-11-10 09:58:45 - memory_cleanup - ERROR - Ошибка очистки PowerbankStatusMonitor: Test error
2025-11-10 09:58:45 - memory_cleanup - ERROR - Критическая ошибка при очистке памяти: Mock object has no attribute 'connection_manager'
Traceback (most recent call last):
  File "C:\OpenServer\domains\localhost\nain\optimized_server2\utils\memory_cleanup_service.py", line 105, in cleanup_all
    if self.server_instance and self.server_instance.connection_manager:
                                ^^^^^^^^^^^^^^^^^^^^^^^^^^^^^^^^^^^^^^^
  File "C:\Users\vurda\AppData\Local\Programs\Python\Python312\Lib\unittest\mock.py", line 658, in __getattr__
    raise AttributeError("Mock object has no attribute %r" % name)
AttributeError: Mock object has no attribute 'connection_manager'. Did you mean: '_connection_monitor'?
2025-11-10 09:58:45 - notification_service - INFO - SMTP настроен: smtp.mail.ru:587
2025-11-10 09:58:45 - notification_service - INFO - Метод отправки уведомлений: email
2025-11-10 09:58:45 - notification_service - INFO - SMTP настроен: smtp.mail.ru:587
2025-11-10 09:58:45 - notification_service - INFO - Метод отправки уведомлений: email
2025-11-10 09:58:45 - notification_service - INFO - SMTP настроен: smtp.mail.ru:587
2025-11-10 09:58:45 - notification_service - INFO - Метод отправки уведомлений: email
2025-11-10 09:58:45 - notification_service - INFO - SMTP настроен: smtp.mail.ru:587
2025-11-10 09:58:45 - notification_service - INFO - Метод отправки уведомлений: email
2025-11-10 09:58:45 - notification_service - WARNING - Попытка отправки на тестовый/несуществующий email: test@example.com
2025-11-10 09:58:45 - notification_service - WARNING - Email test@example.com не прошел проверку доставки, пропускаем отправку
2025-11-10 09:58:45 - notification_service - INFO - SMTP настроен: smtp.mail.ru:587
2025-11-10 09:58:45 - notification_service - INFO - Метод отправки уведомлений: email
2025-11-10 09:58:45 - notification_service - WARNING - Попытка отправки на тестовый/несуществующий email: test@example.com
2025-11-10 09:58:45 - notification_service - WARNING - Email test@example.com не прошел проверку доставки, пропускаем отправку
2025-11-10 09:58:45 - notification_service - INFO - SMTP настроен: smtp.mail.ru:587
2025-11-10 09:58:45 - notification_service - INFO - Метод отправки уведомлений: email
2025-11-10 09:58:45 - notification_service - ERROR - Некорректный email адрес получателя: invalid-email
2025-11-10 09:58:45 - notification_service - INFO - SMTP настроен: smtp.mail.ru:587
2025-11-10 09:58:45 - notification_service - INFO - Метод отправки уведомлений: email
2025-11-10 09:58:45 - notification_service - WARNING - Попытка отправки на тестовый/несуществующий email: test@example.com
2025-11-10 09:58:45 - notification_service - WARNING - Email test@example.com не прошел проверку доставки, пропускаем отправку
2025-11-10 09:58:45 - notification_service - INFO - SMTP настроен: smtp.mail.ru:587
2025-11-10 09:58:45 - notification_service - INFO - Метод отправки уведомлений: email
2025-11-10 09:58:45 - notification_service - WARNING - Попытка отправки на тестовый/несуществующий email: test@example.com
2025-11-10 09:58:45 - notification_service - WARNING - Email test@example.com не прошел проверку доставки, пропускаем отправку
2025-11-10 09:58:45 - notification_service - INFO - SMTP настроен: smtp.mail.ru:587
2025-11-10 09:58:45 - notification_service - INFO - Метод отправки уведомлений: email
2025-11-10 09:58:45 - notification_service - WARNING - Попытка отправки на тестовый/несуществующий email: test@example.com
2025-11-10 09:58:45 - notification_service - WARNING - Email test@example.com не прошел проверку доставки, пропускаем отправку
2025-11-10 09:58:49 - station_utils - INFO - Станция ST-001 онлайн (последнее подключение: 10 секунд назад)
2025-11-10 10:05:13 - notification_service - INFO - SMTP настроен: smtp.mail.ru:587
2025-11-10 10:05:13 - notification_service - INFO - Метод отправки уведомлений: email
2025-11-10 10:05:13 - borrow_powerbank - ERROR - Ошибка: unpack requires a buffer of 9 bytes
2025-11-10 10:05:13 - return_powerbank - ERROR - Ошибка обработки запроса на возврат с ошибкой: 'coroutine' object does not support the asynchronous context manager protocol
2025-11-10 10:05:13 - queryinventoryhandler - ERROR - Соединение со станцией ST-001 (ID: 1) неактивно для запроса инвентаря.
2025-11-10 10:05:13 - station_handler - INFO - Станция ST-001 (ID: 1) переведена в active после heartbeat
2025-11-10 10:05:13 - notification_service - INFO - SMTP настроен: smtp.mail.ru:587
2025-11-10 10:05:13 - notification_service - INFO - Метод отправки уведомлений: email
2025-11-10 10:05:13 - notification_service - WARNING - Попытка отправки на тестовый/несуществующий email: test@example.com
2025-11-10 10:05:13 - notification_service - WARNING - Email test@example.com не прошел проверку доставки, пропускаем отправку
2025-11-10 10:05:13 - notification_service - WARNING - Попытка отправки на тестовый/несуществующий email: test@example.com
2025-11-10 10:05:13 - notification_service - WARNING - Email test@example.com не прошел проверку доставки, пропускаем отправку
2025-11-10 10:05:13 - notification_service - INFO - SMTP настроен: smtp.mail.ru:587
2025-11-10 10:05:13 - notification_service - INFO - Метод отправки уведомлений: email
2025-11-10 10:05:13 - notification_service - WARNING - Попытка отправки на тестовый/несуществующий email: test@example.com
2025-11-10 10:05:13 - notification_service - WARNING - Email test@example.com не прошел проверку доставки, пропускаем отправку
2025-11-10 10:05:13 - borrow_powerbank - ERROR - Ошибка: unpack requires a buffer of 9 bytes
2025-11-10 10:05:13 - return_powerbank - ERROR - Ошибка обработки запроса на возврат с ошибкой: 'coroutine' object does not support the asynchronous context manager protocol
2025-11-10 10:05:16 - memory_cleanup - INFO - Сервис очистки памяти запущен (интервал: 1 сек)
2025-11-10 10:05:16 - memory_cleanup - INFO - Сервис очистки памяти остановлен
2025-11-10 10:05:16 - memory_cleanup - INFO - Сервис очистки памяти запущен (интервал: 0.1 сек)
2025-11-10 10:05:16 - memory_cleanup - INFO - Сервис очистки памяти остановлен
2025-11-10 10:05:16 - notification_service - INFO - SMTP настроен: smtp.mail.ru:587
2025-11-10 10:05:16 - notification_service - INFO - Метод отправки уведомлений: email
2025-11-10 10:05:16 - notification_service - INFO - SMTP настроен: smtp.mail.ru:587
2025-11-10 10:05:16 - notification_service - INFO - Метод отправки уведомлений: email
2025-11-10 10:05:16 - notification_service - INFO - SMTP настроен: smtp.mail.ru:587
2025-11-10 10:05:16 - notification_service - INFO - Метод отправки уведомлений: email
2025-11-10 10:05:16 - notification_service - INFO - SMTP настроен: smtp.mail.ru:587
2025-11-10 10:05:16 - notification_service - INFO - Метод отправки уведомлений: email
2025-11-10 10:05:16 - notification_service - WARNING - Попытка отправки на тестовый/несуществующий email: test@example.com
2025-11-10 10:05:16 - notification_service - WARNING - Email test@example.com не прошел проверку доставки, пропускаем отправку
2025-11-10 10:05:16 - notification_service - INFO - SMTP настроен: smtp.mail.ru:587
2025-11-10 10:05:16 - notification_service - INFO - Метод отправки уведомлений: email
2025-11-10 10:05:16 - notification_service - WARNING - Попытка отправки на тестовый/несуществующий email: test@example.com
2025-11-10 10:05:16 - notification_service - WARNING - Email test@example.com не прошел проверку доставки, пропускаем отправку
2025-11-10 10:05:16 - notification_service - INFO - SMTP настроен: smtp.mail.ru:587
2025-11-10 10:05:16 - notification_service - INFO - Метод отправки уведомлений: email
2025-11-10 10:05:16 - notification_service - ERROR - Некорректный email адрес получателя: invalid-email
2025-11-10 10:05:16 - notification_service - INFO - SMTP настроен: smtp.mail.ru:587
2025-11-10 10:05:16 - notification_service - INFO - Метод отправки уведомлений: email
2025-11-10 10:05:16 - notification_service - WARNING - Попытка отправки на тестовый/несуществующий email: test@example.com
2025-11-10 10:05:16 - notification_service - WARNING - Email test@example.com не прошел проверку доставки, пропускаем отправку
2025-11-10 10:05:16 - notification_service - INFO - SMTP настроен: smtp.mail.ru:587
2025-11-10 10:05:16 - notification_service - INFO - Метод отправки уведомлений: email
2025-11-10 10:05:16 - notification_service - WARNING - Попытка отправки на тестовый/несуществующий email: test@example.com
2025-11-10 10:05:16 - notification_service - WARNING - Email test@example.com не прошел проверку доставки, пропускаем отправку
2025-11-10 10:05:16 - notification_service - INFO - SMTP настроен: smtp.mail.ru:587
2025-11-10 10:05:16 - notification_service - INFO - Метод отправки уведомлений: email
2025-11-10 10:05:16 - notification_service - WARNING - Попытка отправки на тестовый/несуществующий email: test@example.com
2025-11-10 10:05:16 - notification_service - WARNING - Email test@example.com не прошел проверку доставки, пропускаем отправку
2025-11-10 10:05:19 - station_utils - INFO - Станция ST-001 онлайн (последнее подключение: 10 секунд назад)
2025-11-10 10:07:33 - notification_service - INFO - SMTP настроен: smtp.mail.ru:587
2025-11-10 10:07:33 - notification_service - INFO - Метод отправки уведомлений: email
2025-11-10 10:07:33 - borrow_powerbank - ERROR - Ошибка: unpack requires a buffer of 9 bytes
2025-11-10 10:07:33 - return_powerbank - ERROR - Ошибка обработки запроса на возврат с ошибкой: 'coroutine' object does not support the asynchronous context manager protocol
2025-11-10 10:07:33 - queryinventoryhandler - ERROR - Соединение со станцией ST-001 (ID: 1) неактивно для запроса инвентаря.
2025-11-10 10:07:33 - station_handler - INFO - Станция ST-001 (ID: 1) переведена в active после heartbeat
2025-11-10 10:07:33 - notification_service - INFO - SMTP настроен: smtp.mail.ru:587
2025-11-10 10:07:33 - notification_service - INFO - Метод отправки уведомлений: email
2025-11-10 10:07:33 - notification_service - WARNING - Попытка отправки на тестовый/несуществующий email: test@example.com
2025-11-10 10:07:33 - notification_service - WARNING - Email test@example.com не прошел проверку доставки, пропускаем отправку
2025-11-10 10:07:33 - notification_service - WARNING - Попытка отправки на тестовый/несуществующий email: test@example.com
2025-11-10 10:07:33 - notification_service - WARNING - Email test@example.com не прошел проверку доставки, пропускаем отправку
2025-11-10 10:07:33 - notification_service - INFO - SMTP настроен: smtp.mail.ru:587
2025-11-10 10:07:33 - notification_service - INFO - Метод отправки уведомлений: email
2025-11-10 10:07:33 - notification_service - WARNING - Попытка отправки на тестовый/несуществующий email: test@example.com
2025-11-10 10:07:33 - notification_service - WARNING - Email test@example.com не прошел проверку доставки, пропускаем отправку
2025-11-10 10:07:33 - borrow_powerbank - ERROR - Ошибка: unpack requires a buffer of 9 bytes
2025-11-10 10:07:33 - return_powerbank - ERROR - Ошибка обработки запроса на возврат с ошибкой: 'coroutine' object does not support the asynchronous context manager protocol
2025-11-10 10:07:34 - memory_cleanup - INFO - Сервис очистки памяти запущен (интервал: 1 сек)
2025-11-10 10:07:34 - memory_cleanup - INFO - Сервис очистки памяти остановлен
2025-11-10 10:07:34 - memory_cleanup - INFO - Сервис очистки памяти запущен (интервал: 0.1 сек)
2025-11-10 10:07:34 - memory_cleanup - INFO - Сервис очистки памяти остановлен
2025-11-10 10:07:34 - memory_cleanup - ERROR - Ошибка очистки PowerbankStatusMonitor: Test error
2025-11-10 10:07:34 - notification_service - INFO - SMTP настроен: smtp.mail.ru:587
2025-11-10 10:07:34 - notification_service - INFO - Метод отправки уведомлений: email
2025-11-10 10:07:34 - notification_service - INFO - SMTP настроен: smtp.mail.ru:587
2025-11-10 10:07:34 - notification_service - INFO - Метод отправки уведомлений: email
2025-11-10 10:07:34 - notification_service - INFO - SMTP настроен: smtp.mail.ru:587
2025-11-10 10:07:34 - notification_service - INFO - Метод отправки уведомлений: email
2025-11-10 10:07:34 - notification_service - INFO - SMTP настроен: smtp.mail.ru:587
2025-11-10 10:07:34 - notification_service - INFO - Метод отправки уведомлений: email
2025-11-10 10:07:34 - notification_service - WARNING - Попытка отправки на тестовый/несуществующий email: test@example.com
2025-11-10 10:07:34 - notification_service - WARNING - Email test@example.com не прошел проверку доставки, пропускаем отправку
2025-11-10 10:07:34 - notification_service - INFO - SMTP настроен: smtp.mail.ru:587
2025-11-10 10:07:34 - notification_service - INFO - Метод отправки уведомлений: email
2025-11-10 10:07:34 - notification_service - WARNING - Попытка отправки на тестовый/несуществующий email: test@example.com
2025-11-10 10:07:34 - notification_service - WARNING - Email test@example.com не прошел проверку доставки, пропускаем отправку
2025-11-10 10:07:34 - notification_service - INFO - SMTP настроен: smtp.mail.ru:587
2025-11-10 10:07:34 - notification_service - INFO - Метод отправки уведомлений: email
2025-11-10 10:07:34 - notification_service - ERROR - Некорректный email адрес получателя: invalid-email
2025-11-10 10:07:34 - notification_service - INFO - SMTP настроен: smtp.mail.ru:587
2025-11-10 10:07:34 - notification_service - INFO - Метод отправки уведомлений: email
2025-11-10 10:07:34 - notification_service - WARNING - Попытка отправки на тестовый/несуществующий email: test@example.com
2025-11-10 10:07:34 - notification_service - WARNING - Email test@example.com не прошел проверку доставки, пропускаем отправку
2025-11-10 10:07:34 - notification_service - INFO - SMTP настроен: smtp.mail.ru:587
2025-11-10 10:07:34 - notification_service - INFO - Метод отправки уведомлений: email
2025-11-10 10:07:34 - notification_service - WARNING - Попытка отправки на тестовый/несуществующий email: test@example.com
2025-11-10 10:07:34 - notification_service - WARNING - Email test@example.com не прошел проверку доставки, пропускаем отправку
2025-11-10 10:07:34 - notification_service - INFO - SMTP настроен: smtp.mail.ru:587
2025-11-10 10:07:34 - notification_service - INFO - Метод отправки уведомлений: email
2025-11-10 10:07:34 - notification_service - WARNING - Попытка отправки на тестовый/несуществующий email: test@example.com
2025-11-10 10:07:34 - notification_service - WARNING - Email test@example.com не прошел проверку доставки, пропускаем отправку
2025-11-10 10:07:37 - station_utils - INFO - Станция ST-001 онлайн (последнее подключение: 10 секунд назад)
2025-11-10 10:11:51 - notification_service - INFO - SMTP настроен: smtp.mail.ru:587
2025-11-10 10:11:51 - notification_service - INFO - Метод отправки уведомлений: email
2025-11-10 10:11:53 - server - ERROR - Ошибка: (2003, "Can't connect to MySQL server on '127.0.0.1'")
2025-11-10 10:11:53 - server - INFO - Остановка серверов...
2025-11-10 10:11:53 - server - INFO - Деактивация всех станций...
2025-11-10 10:11:53 - server - INFO - Активных станций не найдено
2025-11-10 10:11:53 - server - INFO - Деактивация всех активных станций в БД...
2025-11-10 10:11:53 - server - WARNING - Пул соединений с БД уже закрыт
2025-11-10 10:11:53 - server - INFO - Принудительное закрытие всех TCP соединений...
2025-11-10 10:11:53 - server - INFO - Логгеры закрыты
